// Jest Snapshot v1, https://goo.gl/fbAQLP

exports[`MyComponent renders correctly 1`] = `ShallowWrapper {}`;

exports[`MyComponent to match snapshot for native version 1`] = `
<View
  style={
    Object {
      "alignItems": "center",
      "flex": 1,
      "justifyContent": "center",
    }
  }
>
  <Text>
    You are running the app on emulator
  </Text>
  <Text
    style={
      Object {
        "fontSize": 24,
        "fontWeight": "bold",
        "padding": 20,
      }
    }
  >
    LOGIN
  </Text>
  <TextInput
    onChangeText={[Function]}
    placeholder="Enter Name"
    style={
      Object {
        "backgroundColor": "#fff",
        "borderColor": "black",
        "borderRadius": 9,
        "borderWidth": 2,
        "height": "10%",
        "justifyContent": "center",
        "padding": 20,
        "width": "80%",
      }
    }
    value="Divya"
  />
  <View
    accessible={true}
    collapsable={false}
    focusable={true}
    onClick={[Function]}
    onResponderGrant={[Function]}
    onResponderMove={[Function]}
    onResponderRelease={[Function]}
    onResponderTerminate={[Function]}
    onResponderTerminationRequest={[Function]}
    onStartShouldSetResponder={[Function]}
    style={
      Object {
        "alignItems": "center",
        "backgroundColor": "green",
        "borderRadius": 25,
        "height": 50,
        "justifyContent": "center",
        "margin": 40,
        "opacity": 1,
        "width": "50%",
      }
    }
  >
    <Text
      style={
        Object {
          "color": "white",
          "fontSize": 16,
          "textAlign": "center",
        }
      }
    >
      LOGIN
    </Text>
  </View>
</View>
`;
